// Jest Snapshot v1, https://goo.gl/fbAQLP

exports[`matches snapshot 1`] = `
<DocumentFragment>
  <form
    class="TodoForm"
  >
    <input
      name="task"
      required=""
      value=""
    />
    <button>
      Add Task
    </button>
  </form>
</DocumentFragment>
`;
